// Jest Snapshot v1, https://goo.gl/fbAQLP

exports[`Calculator component should match snapshot 1`] = `
<DocumentFragment>
  <div
    class="calculatorSection"
  >
    <h3>
      Lets do some math!
    </h3>
    <div
      class="calculator"
    >
      <p
        class="outputResult"
      >
        0
      </p>
      <div
        class="buttonContainer"
      >
        <button
          class="calcButtons"
          type="button"
        >
          AC
        </button>
        <button
          class="calcButtons"
          type="button"
        >
          +/-
        </button>
        <button
          class="calcButtons"
          type="button"
        >
          %
        </button>
        <button
          class="calcButtons"
          type="button"
        >
          รท
        </button>
        <button
          class="calcButtons"
          type="button"
        >
          7
        </button>
        <button
          class="calcButtons"
          type="button"
        >
          8
        </button>
        <button
          class="calcButtons"
          type="button"
        >
          9
        </button>
        <button
          class="calcButtons"
          type="button"
        >
          x
        </button>
        <button
          class="calcButtons"
          type="button"
        >
          4
        </button>
        <button
          class="calcButtons"
          type="button"
        >
          5
        </button>
        <button
          class="calcButtons"
          type="button"
        >
          6
        </button>
        <button
          class="calcButtons"
          type="button"
        >
          -
        </button>
        <button
          class="calcButtons"
          type="button"
        >
          1
        </button>
        <button
          class="calcButtons"
          type="button"
        >
          2
        </button>
        <button
          class="calcButtons"
          type="button"
        >
          3
        </button>
        <button
          class="calcButtons"
          type="button"
        >
          +
        </button>
        <button
          class="calcButtons"
          type="button"
        >
          0
        </button>
        <button
          class="calcButtons"
          type="button"
        >
          .
        </button>
        <button
          class="calcButtons"
          type="button"
        >
          =
        </button>
      </div>
    </div>
  </div>
</DocumentFragment>
`;
