// Jest Snapshot v1, https://goo.gl/fbAQLP

exports[`Quotes component should match snapshot 1`] = `
<DocumentFragment>
  <p
    class="quoteAuthor"
  >
    Loading
  </p>
</DocumentFragment>
`;
